[    0.000000] Initializing cgroup subsys cpuset
[    0.000000] Initializing cgroup subsys cpu
[    0.000000] Initializing cgroup subsys cpuacct
[    0.000000] Linux version 3.12.20 (nixbld@localhost) (gcc version 4.8.2 (GCC) ) #1-NixOS SMP Thu Jan 1 00:00:01 UTC 1970
[    0.000000] Command line: initrd=\efi\nixos\42s7az350ywk34252lkgdka5bc6vdcs4-initrd-initrd.efi systemConfig=/nix/store/r4hdvlarvcn95l3fjyyv5wi0rp1ghlm4-nixos-14.04.291.a4ac76b init=/nix/store/r4hdvlarvcn95l3fjyyv5wi0rp1ghlm4-nixos-14.04.291.a4ac76b/init loglevel=4
[    0.000000] e820: BIOS-provided physical RAM map:
[    0.000000] BIOS-e820: [mem 0x0000000000000000-0x000000000006dfff] usable
[    0.000000] BIOS-e820: [mem 0x000000000006e000-0x000000000006ffff] ACPI NVS
[    0.000000] BIOS-e820: [mem 0x0000000000070000-0x0000000000085fff] usable
[    0.000000] BIOS-e820: [mem 0x0000000000086000-0x00000000000bffff] reserved
[    0.000000] BIOS-e820: [mem 0x0000000000100000-0x00000000a555dfff] usable
[    0.000000] BIOS-e820: [mem 0x00000000a555e000-0x00000000a5d5efff] reserved
[    0.000000] BIOS-e820: [mem 0x00000000a5d5f000-0x00000000a5dbbfff] usable
[    0.000000] BIOS-e820: [mem 0x00000000a5dbc000-0x00000000a66bbfff] reserved
[    0.000000] BIOS-e820: [mem 0x00000000a66bc000-0x00000000af0befff] usable
[    0.000000] BIOS-e820: [mem 0x00000000af0bf000-0x00000000afabefff] reserved
[    0.000000] BIOS-e820: [mem 0x00000000afabf000-0x00000000afbbefff] ACPI NVS
[    0.000000] BIOS-e820: [mem 0x00000000afbbf000-0x00000000afbfefff] ACPI data
[    0.000000] BIOS-e820: [mem 0x00000000afbff000-0x00000000afbfffff] usable
[    0.000000] BIOS-e820: [mem 0x00000000afc00000-0x00000000dfffffff] reserved
[    0.000000] BIOS-e820: [mem 0x00000000f8000000-0x00000000fbffffff] reserved
[    0.000000] BIOS-e820: [mem 0x00000000fec00000-0x00000000fec00fff] reserved
[    0.000000] BIOS-e820: [mem 0x00000000fec10000-0x00000000fec10fff] reserved
[    0.000000] BIOS-e820: [mem 0x00000000fed80000-0x00000000fed80fff] reserved
[    0.000000] BIOS-e820: [mem 0x00000000fee00000-0x00000000fee00fff] reserved
[    0.000000] BIOS-e820: [mem 0x00000000ffc00000-0x00000000ffffffff] reserved
[    0.000000] BIOS-e820: [mem 0x0000000100000000-0x000000021effffff] usable
[    0.000000] e820: update [mem 0xa5009018-0xa5018257] usable ==> usable
[    0.000000] e820: update [mem 0xa4ffc018-0xa5008057] usable ==> usable
[    0.000000] extended physical RAM map:
[    0.000000] reserve setup_data: [mem 0x0000000000000000-0x000000000006dfff] usable
[    0.000000] reserve setup_data: [mem 0x000000000006e000-0x000000000006ffff] ACPI NVS
[    0.000000] reserve setup_data: [mem 0x0000000000070000-0x0000000000085fff] usable
[    0.000000] reserve setup_data: [mem 0x0000000000086000-0x00000000000bffff] reserved
[    0.000000] reserve setup_data: [mem 0x0000000000100000-0x00000000a4ffc017] usable
[    0.000000] reserve setup_data: [mem 0x00000000a4ffc018-0x00000000a5008057] usable
[    0.000000] reserve setup_data: [mem 0x00000000a5008058-0x00000000a5009017] usable
[    0.000000] reserve setup_data: [mem 0x00000000a5009018-0x00000000a5018257] usable
[    0.000000] reserve setup_data: [mem 0x00000000a5018258-0x00000000a555dfff] usable
[    0.000000] reserve setup_data: [mem 0x00000000a555e000-0x00000000a5d5efff] reserved
[    0.000000] reserve setup_data: [mem 0x00000000a5d5f000-0x00000000a5dbbfff] usable
[    0.000000] reserve setup_data: [mem 0x00000000a5dbc000-0x00000000a66bbfff] reserved
[    0.000000] reserve setup_data: [mem 0x00000000a66bc000-0x00000000af0befff] usable
[    0.000000] reserve setup_data: [mem 0x00000000af0bf000-0x00000000afabefff] reserved
[    0.000000] reserve setup_data: [mem 0x00000000afabf000-0x00000000afbbefff] ACPI NVS
[    0.000000] reserve setup_data: [mem 0x00000000afbbf000-0x00000000afbfefff] ACPI data
[    0.000000] reserve setup_data: [mem 0x00000000afbff000-0x00000000afbfffff] usable
[    0.000000] reserve setup_data: [mem 0x00000000afc00000-0x00000000dfffffff] reserved
[    0.000000] reserve setup_data: [mem 0x00000000f8000000-0x00000000fbffffff] reserved
[    0.000000] reserve setup_data: [mem 0x00000000fec00000-0x00000000fec00fff] reserved
[    0.000000] reserve setup_data: [mem 0x00000000fec10000-0x00000000fec10fff] reserved
[    0.000000] reserve setup_data: [mem 0x00000000fed80000-0x00000000fed80fff] reserved
[    0.000000] reserve setup_data: [mem 0x00000000fee00000-0x00000000fee00fff] reserved
[    0.000000] reserve setup_data: [mem 0x00000000ffc00000-0x00000000ffffffff] reserved
[    0.000000] reserve setup_data: [mem 0x0000000100000000-0x000000021effffff] usable
[    0.000000] NX (Execute Disable) protection: active
[    0.000000] efi: EFI v2.31 by INSYDE Corp.
[    0.000000] efi:  ACPI=0xafbfe000  ACPI 2.0=0xafbfe014  SMBIOS=0xafabef98 
[    0.000000] efi: mem00: type=3, attr=0xf, range=[0x0000000000000000-0x0000000000001000) (0MB)
[    0.000000] efi: mem01: type=2, attr=0xf, range=[0x0000000000001000-0x0000000000008000) (0MB)
[    0.000000] efi: mem02: type=7, attr=0xf, range=[0x0000000000008000-0x000000000006e000) (0MB)
[    0.000000] efi: mem03: type=10, attr=0xf, range=[0x000000000006e000-0x0000000000070000) (0MB)
[    0.000000] efi: mem04: type=7, attr=0xf, range=[0x0000000000070000-0x0000000000080000) (0MB)
[    0.000000] efi: mem05: type=3, attr=0xf, range=[0x0000000000080000-0x0000000000082000) (0MB)
[    0.000000] efi: mem06: type=7, attr=0xf, range=[0x0000000000082000-0x0000000000086000) (0MB)
[    0.000000] efi: mem07: type=0, attr=0xf, range=[0x0000000000086000-0x0000000000088000) (0MB)
[    0.000000] efi: mem08: type=6, attr=0x800000000000000f, range=[0x0000000000088000-0x00000000000a0000) (0MB)
[    0.000000] efi: mem09: type=7, attr=0xf, range=[0x0000000000100000-0x0000000001000000) (15MB)
[    0.000000] efi: mem10: type=2, attr=0xf, range=[0x0000000001000000-0x0000000001ed4000) (14MB)
[    0.000000] efi: mem11: type=7, attr=0xf, range=[0x0000000001ed4000-0x000000007fa47000) (2011MB)
[    0.000000] efi: mem12: type=2, attr=0xf, range=[0x000000007fa47000-0x0000000080000000) (5MB)
[    0.000000] efi: mem13: type=7, attr=0xf, range=[0x0000000080000000-0x00000000a36c0000) (566MB)
[    0.000000] efi: mem14: type=4, attr=0xf, range=[0x00000000a36c0000-0x00000000a36e0000) (0MB)
[    0.000000] efi: mem15: type=7, attr=0xf, range=[0x00000000a36e0000-0x00000000a4ffc000) (25MB)
[    0.000000] efi: mem16: type=2, attr=0xf, range=[0x00000000a4ffc000-0x00000000a5019000) (0MB)
[    0.000000] efi: mem17: type=1, attr=0xf, range=[0x00000000a5019000-0x00000000a533e000) (3MB)
[    0.000000] efi: mem18: type=2, attr=0xf, range=[0x00000000a533e000-0x00000000a5344000) (0MB)
[    0.000000] efi: mem19: type=4, attr=0xf, range=[0x00000000a5344000-0x00000000a555e000) (2MB)
[    0.000000] efi: mem20: type=0, attr=0xf, range=[0x00000000a555e000-0x00000000a5d5f000) (8MB)
[    0.000000] efi: mem21: type=4, attr=0xf, range=[0x00000000a5d5f000-0x00000000a5dbc000) (0MB)
[    0.000000] efi: mem22: type=0, attr=0xf, range=[0x00000000a5dbc000-0x00000000a66bc000) (9MB)
[    0.000000] efi: mem23: type=2, attr=0xf, range=[0x00000000a66bc000-0x00000000a66bf000) (0MB)
[    0.000000] efi: mem24: type=7, attr=0xf, range=[0x00000000a66bf000-0x00000000a68a8000) (1MB)
[    0.000000] efi: mem25: type=1, attr=0xf, range=[0x00000000a68a8000-0x00000000a68bf000) (0MB)
[    0.000000] efi: mem26: type=7, attr=0xf, range=[0x00000000a68bf000-0x00000000ac2a5000) (89MB)
[    0.000000] efi: mem27: type=4, attr=0xf, range=[0x00000000ac2a5000-0x00000000acb4e000) (8MB)
[    0.000000] efi: mem28: type=7, attr=0xf, range=[0x00000000acb4e000-0x00000000acb50000) (0MB)
[    0.000000] efi: mem29: type=4, attr=0xf, range=[0x00000000acb50000-0x00000000acc7c000) (1MB)
[    0.000000] efi: mem30: type=7, attr=0xf, range=[0x00000000acc7c000-0x00000000acc81000) (0MB)
[    0.000000] efi: mem31: type=4, attr=0xf, range=[0x00000000acc81000-0x00000000acc88000) (0MB)
[    0.000000] efi: mem32: type=7, attr=0xf, range=[0x00000000acc88000-0x00000000acc89000) (0MB)
[    0.000000] efi: mem33: type=4, attr=0xf, range=[0x00000000acc89000-0x00000000accb1000) (0MB)
[    0.000000] efi: mem34: type=7, attr=0xf, range=[0x00000000accb1000-0x00000000accb2000) (0MB)
[    0.000000] efi: mem35: type=4, attr=0xf, range=[0x00000000accb2000-0x00000000accb3000) (0MB)
[    0.000000] efi: mem36: type=7, attr=0xf, range=[0x00000000accb3000-0x00000000accb4000) (0MB)
[    0.000000] efi: mem37: type=4, attr=0xf, range=[0x00000000accb4000-0x00000000ace50000) (1MB)
[    0.000000] efi: mem38: type=7, attr=0xf, range=[0x00000000ace50000-0x00000000ace92000) (0MB)
[    0.000000] efi: mem39: type=4, attr=0xf, range=[0x00000000ace92000-0x00000000ae8bf000) (26MB)
[    0.000000] efi: mem40: type=7, attr=0xf, range=[0x00000000ae8bf000-0x00000000aec85000) (3MB)
[    0.000000] efi: mem41: type=3, attr=0xf, range=[0x00000000aec85000-0x00000000af0bf000) (4MB)
[    0.000000] efi: mem42: type=5, attr=0x800000000000000f, range=[0x00000000af0bf000-0x00000000af4bf000) (4MB)
[    0.000000] efi: mem43: type=6, attr=0x800000000000000f, range=[0x00000000af4bf000-0x00000000af8bf000) (4MB)
[    0.000000] efi: mem44: type=0, attr=0xf, range=[0x00000000af8bf000-0x00000000afabf000) (2MB)
[    0.000000] efi: mem45: type=10, attr=0xf, range=[0x00000000afabf000-0x00000000afbbf000) (1MB)
[    0.000000] efi: mem46: type=9, attr=0xf, range=[0x00000000afbbf000-0x00000000afbff000) (0MB)
[    0.000000] efi: mem47: type=4, attr=0xf, range=[0x00000000afbff000-0x00000000afc00000) (0MB)
[    0.000000] efi: mem48: type=7, attr=0xf, range=[0x0000000100000000-0x000000021f000000) (4592MB)
[    0.000000] efi: mem49: type=0, attr=0x0, range=[0x00000000000a0000-0x00000000000c0000) (0MB)
[    0.000000] efi: mem50: type=0, attr=0x0, range=[0x00000000afc00000-0x00000000e0000000) (772MB)
[    0.000000] efi: mem51: type=11, attr=0x8000000000000001, range=[0x00000000f8000000-0x00000000fc000000) (64MB)
[    0.000000] efi: mem52: type=11, attr=0x8000000000000001, range=[0x00000000fec00000-0x00000000fec01000) (0MB)
[    0.000000] efi: mem53: type=11, attr=0x8000000000000001, range=[0x00000000fec10000-0x00000000fec11000) (0MB)
[    0.000000] efi: mem54: type=11, attr=0x8000000000000001, range=[0x00000000fed80000-0x00000000fed81000) (0MB)
[    0.000000] efi: mem55: type=11, attr=0x8000000000000001, range=[0x00000000fee00000-0x00000000fee01000) (0MB)
[    0.000000] efi: mem56: type=11, attr=0x8000000000000000, range=[0x00000000ffc00000-0x0000000100000000) (4MB)
[    0.000000] SMBIOS 2.7 present.
[    0.000000] DMI: LENOVO 20255/Lenovo G505s, BIOS 83CN35WW(V2.05) 12/06/2013
[    0.000000] e820: update [mem 0x00000000-0x00000fff] usable ==> reserved
[    0.000000] e820: remove [mem 0x000a0000-0x000fffff] usable
[    0.000000] No AGP bridge found
[    0.000000] e820: last_pfn = 0x21f000 max_arch_pfn = 0x400000000
[    0.000000] MTRR default type: uncachable
[    0.000000] MTRR fixed ranges enabled:
[    0.000000]   00000-9FFFF write-back
[    0.000000]   A0000-BFFFF uncachable
[    0.000000]   C0000-FFFFF write-through
[    0.000000] MTRR variable ranges enabled:
[    0.000000]   0 base 000000000000 mask FFFF80000000 write-back
[    0.000000]   1 base 000080000000 mask FFFFE0000000 write-back
[    0.000000]   2 base 0000A0000000 mask FFFFF0000000 write-back
[    0.000000]   3 base 0000AFBBD000 mask FFFFFFFFF000 uncachable
[    0.000000]   4 base 0000FFC00000 mask FFFFFFC00000 write-protect
[    0.000000]   5 disabled
[    0.000000]   6 disabled
[    0.000000]   7 disabled
[    0.000000] TOM2: 000000021f000000 aka 8688M
[    0.000000] x86 PAT enabled: cpu 0, old 0x7040600070406, new 0x7010600070106
[    0.000000] e820: last_pfn = 0xafc00 max_arch_pfn = 0x400000000
[    0.000000] Scanning 2 areas for low memory corruption
[    0.000000] Base memory trampoline at [ffff88000007a000] 7a000 size 24576
[    0.000000] Using GB pages for direct mapping
[    0.000000] init_memory_mapping: [mem 0x00000000-0x000fffff]
[    0.000000]  [mem 0x00000000-0x000fffff] page 4k
[    0.000000] BRK [0x01ab2000, 0x01ab2fff] PGTABLE
[    0.000000] BRK [0x01ab3000, 0x01ab3fff] PGTABLE
[    0.000000] BRK [0x01ab4000, 0x01ab4fff] PGTABLE
[    0.000000] init_memory_mapping: [mem 0x21ee00000-0x21effffff]
[    0.000000]  [mem 0x21ee00000-0x21effffff] page 2M
[    0.000000] BRK [0x01ab5000, 0x01ab5fff] PGTABLE
[    0.000000] init_memory_mapping: [mem 0x21c000000-0x21edfffff]
[    0.000000]  [mem 0x21c000000-0x21edfffff] page 2M
[    0.000000] init_memory_mapping: [mem 0x200000000-0x21bffffff]
[    0.000000]  [mem 0x200000000-0x21bffffff] page 2M
[    0.000000] init_memory_mapping: [mem 0x00100000-0xa555dfff]
[    0.000000]  [mem 0x00100000-0x001fffff] page 4k
[    0.000000]  [mem 0x00200000-0x3fffffff] page 2M
[    0.000000]  [mem 0x40000000-0x7fffffff] page 1G
[    0.000000]  [mem 0x80000000-0xa53fffff] page 2M
[    0.000000]  [mem 0xa5400000-0xa555dfff] page 4k
[    0.000000] init_memory_mapping: [mem 0xa5d5f000-0xa5dbbfff]
[    0.000000]  [mem 0xa5d5f000-0xa5dbbfff] page 4k
[    0.000000] BRK [0x01ab6000, 0x01ab6fff] PGTABLE
[    0.000000] init_memory_mapping: [mem 0xa66bc000-0xaf0befff]
[    0.000000]  [mem 0xa66bc000-0xa67fffff] page 4k
[    0.000000]  [mem 0xa6800000-0xaeffffff] page 2M
[    0.000000]  [mem 0xaf000000-0xaf0befff] page 4k
[    0.000000] BRK [0x01ab7000, 0x01ab7fff] PGTABLE
[    0.000000] init_memory_mapping: [mem 0xafbff000-0xafbfffff]
[    0.000000]  [mem 0xafbff000-0xafbfffff] page 4k
[    0.000000] init_memory_mapping: [mem 0x100000000-0x1ffffffff]
[    0.000000]  [mem 0x100000000-0x1ffffffff] page 1G
[    0.000000] RAMDISK: [mem 0x7fa47000-0x7fffffff]
[    0.000000] ACPI: RSDP 00000000afbfe014 00024 (v02 LENOVO)
[    0.000000] ACPI: XSDT 00000000afbfe120 000A4 (v01 LENOVO CB-01    00000001      01000013)
[    0.000000] ACPI: FACP 00000000afbfb000 0010C (v05 LENOVO CB-01    00000001 ACPI 00040000)
[    0.000000] ACPI: DSDT 00000000afbea000 0CA66 (v01 LENOVO CB-01    00000001 ACPI 00040000)
[    0.000000] ACPI: FACS 00000000afb7c000 00040
[    0.000000] ACPI: SLIC 00000000afbfd000 00176 (v01 LENOVO CB-01    00000001 ACPI 00040000)
[    0.000000] ACPI: UEFI 00000000afbfc000 00236 (v01 LENOVO CB-01    00000001 ACPI 00040000)
[    0.000000] ACPI: HPET 00000000afbfa000 00038 (v01 LENOVO CB-01    00000001 ACPI 00040000)
[    0.000000] ACPI: APIC 00000000afbf9000 00084 (v03 LENOVO CB-01    00000001 ACPI 00040000)
[    0.000000] ACPI: MCFG 00000000afbf8000 0003C (v01 LENOVO CB-01    00000001 ACPI 00040000)
[    0.000000] ACPI: ASF! 00000000afbf7000 000A5 (v32 LENOVO CB-01    00000001 ACPI 00040000)
[    0.000000] ACPI: BOOT 00000000afbe9000 00028 (v01 LENOVO CB-01    00000001 ACPI 00040000)
[    0.000000] ACPI: WDRT 00000000afbe8000 00047 (v01 LENOVO CB-01    00000001 ACPI 00040000)
[    0.000000] ACPI: WDAT 00000000afbe7000 001AC (v01 LENOVO CB-01    00000001 ACPI 00040000)
[    0.000000] ACPI: FPDT 00000000afbe5000 00044 (v01 LENOVO CB-01    00000001 ACPI 00040000)
[    0.000000] ACPI: MSDM 00000000afbe4000 00055 (v03 LENOVO CB-01    00000001 ACPI 00040000)
[    0.000000] ACPI: SSDT 00000000afbe3000 009F8 (v01 LENOVO CB-01    00000001 ACPI 00040000)
[    0.000000] ACPI: SSDT 00000000afbe1000 01F6E (v02 LENOVO CB-01    00000001 ACPI 00040000)
[    0.000000] ACPI: VFCT 00000000afbdc000 04E84 (v01 LENOVO CB-01    00000001 ACPI 00040000)
[    0.000000] ACPI: BGRT 00000000afbdb000 00038 (v01 LENOVO CB-01    00000001 ACPI 00040000)
[    0.000000] ACPI: Local APIC address 0xfee00000
[    0.000000] No NUMA configuration found
[    0.000000] Faking a node at [mem 0x0000000000000000-0x000000021effffff]
[    0.000000] Initmem setup node 0 [mem 0x00000000-0x21effffff]
[    0.000000]   NODE_DATA [mem 0x21eff8000-0x21effbfff]
[    0.000000]  [ffffea0000000000-ffffea00087fffff] PMD -> [ffff880217200000-ffff88021e5fffff] on node 0
[    0.000000] Zone ranges:
[    0.000000]   DMA      [mem 0x00001000-0x00ffffff]
[    0.000000]   DMA32    [mem 0x01000000-0xffffffff]
[    0.000000]   Normal   [mem 0x100000000-0x21effffff]
[    0.000000] Movable zone start for each node
[    0.000000] Early memory node ranges
[    0.000000]   node   0: [mem 0x00001000-0x0006dfff]
[    0.000000]   node   0: [mem 0x00070000-0x00085fff]
[    0.000000]   node   0: [mem 0x00100000-0xa555dfff]
[    0.000000]   node   0: [mem 0xa5d5f000-0xa5dbbfff]
[    0.000000]   node   0: [mem 0xa66bc000-0xaf0befff]
[    0.000000]   node   0: [mem 0xafbff000-0xafbfffff]
[    0.000000]   node   0: [mem 0x100000000-0x21effffff]
[    0.000000] On node 0 totalpages: 1888066
[    0.000000]   DMA zone: 64 pages used for memmap
[    0.000000]   DMA zone: 23 pages reserved
[    0.000000]   DMA zone: 3971 pages, LIFO batch:0
[    0.000000]   DMA32 zone: 11071 pages used for memmap
[    0.000000]   DMA32 zone: 708543 pages, LIFO batch:31
[    0.000000]   Normal zone: 18368 pages used for memmap
[    0.000000]   Normal zone: 1175552 pages, LIFO batch:31
[    0.000000] ACPI: PM-Timer IO Port: 0x408
[    0.000000] ACPI: Local APIC address 0xfee00000
[    0.000000] ACPI: LAPIC (acpi_id[0x00] lapic_id[0x10] enabled)
[    0.000000] ACPI: LAPIC (acpi_id[0x01] lapic_id[0x11] enabled)
[    0.000000] ACPI: LAPIC (acpi_id[0x02] lapic_id[0x12] enabled)
[    0.000000] ACPI: LAPIC (acpi_id[0x03] lapic_id[0x13] enabled)
[    0.000000] ACPI: LAPIC_NMI (acpi_id[0x00] high edge lint[0x1])
[    0.000000] ACPI: LAPIC_NMI (acpi_id[0x01] high edge lint[0x1])
[    0.000000] ACPI: LAPIC_NMI (acpi_id[0x02] high edge lint[0x1])
[    0.000000] ACPI: LAPIC_NMI (acpi_id[0x03] high edge lint[0x1])
[    0.000000] ACPI: IOAPIC (id[0x04] address[0xfec00000] gsi_base[0])
[    0.000000] IOAPIC[0]: apic_id 4, version 33, address 0xfec00000, GSI 0-23
[    0.000000] ACPI: INT_SRC_OVR (bus 0 bus_irq 0 global_irq 2 dfl dfl)
[    0.000000] ACPI: INT_SRC_OVR (bus 0 bus_irq 9 global_irq 9 low level)
[    0.000000] ACPI: IRQ0 used by override.
[    0.000000] ACPI: IRQ2 used by override.
[    0.000000] ACPI: IRQ9 used by override.
[    0.000000] Using ACPI (MADT) for SMP configuration information
[    0.000000] ACPI: HPET id: 0x10228210 base: 0xfed00000
[    0.000000] smpboot: Allowing 4 CPUs, 0 hotplug CPUs
[    0.000000] nr_irqs_gsi: 40
[    0.000000] PM: Registered nosave memory: [mem 0x0006e000-0x0006ffff]
[    0.000000] PM: Registered nosave memory: [mem 0x00086000-0x000bffff]
[    0.000000] PM: Registered nosave memory: [mem 0x000c0000-0x000fffff]
[    0.000000] PM: Registered nosave memory: [mem 0xa4ffc000-0xa4ffcfff]
[    0.000000] PM: Registered nosave memory: [mem 0xa5008000-0xa5008fff]
[    0.000000] PM: Registered nosave memory: [mem 0xa5009000-0xa5009fff]
[    0.000000] PM: Registered nosave memory: [mem 0xa5018000-0xa5018fff]
[    0.000000] PM: Registered nosave memory: [mem 0xa555e000-0xa5d5efff]
[    0.000000] PM: Registered nosave memory: [mem 0xa5dbc000-0xa66bbfff]
[    0.000000] PM: Registered nosave memory: [mem 0xaf0bf000-0xafabefff]
[    0.000000] PM: Registered nosave memory: [mem 0xafabf000-0xafbbefff]
[    0.000000] PM: Registered nosave memory: [mem 0xafbbf000-0xafbfefff]
[    0.000000] PM: Registered nosave memory: [mem 0xafc00000-0xdfffffff]
[    0.000000] PM: Registered nosave memory: [mem 0xe0000000-0xf7ffffff]
[    0.000000] PM: Registered nosave memory: [mem 0xf8000000-0xfbffffff]
[    0.000000] PM: Registered nosave memory: [mem 0xfc000000-0xfebfffff]
[    0.000000] PM: Registered nosave memory: [mem 0xfec00000-0xfec00fff]
[    0.000000] PM: Registered nosave memory: [mem 0xfec01000-0xfec0ffff]
[    0.000000] PM: Registered nosave memory: [mem 0xfec10000-0xfec10fff]
[    0.000000] PM: Registered nosave memory: [mem 0xfec11000-0xfed7ffff]
[    0.000000] PM: Registered nosave memory: [mem 0xfed80000-0xfed80fff]
[    0.000000] PM: Registered nosave memory: [mem 0xfed81000-0xfedfffff]
[    0.000000] PM: Registered nosave memory: [mem 0xfee00000-0xfee00fff]
[    0.000000] PM: Registered nosave memory: [mem 0xfee01000-0xffbfffff]
[    0.000000] PM: Registered nosave memory: [mem 0xffc00000-0xffffffff]
[    0.000000] e820: [mem 0xe0000000-0xf7ffffff] available for PCI devices
[    0.000000] Booting paravirtualized kernel on bare hardware
[    0.000000] setup_percpu: NR_CPUS:64 nr_cpumask_bits:64 nr_cpu_ids:4 nr_node_ids:1
[    0.000000] PERCPU: Embedded 28 pages/cpu @ffff88021ec00000 s83712 r8192 d22784 u524288
[    0.000000] pcpu-alloc: s83712 r8192 d22784 u524288 alloc=1*2097152
[    0.000000] pcpu-alloc: [0] 0 1 2 3 
[    0.000000] Built 1 zonelists in Zone order, mobility grouping on.  Total pages: 1858540
[    0.000000] Policy zone: Normal
[    0.000000] Kernel command line: initrd=\efi\nixos\42s7az350ywk34252lkgdka5bc6vdcs4-initrd-initrd.efi systemConfig=/nix/store/r4hdvlarvcn95l3fjyyv5wi0rp1ghlm4-nixos-14.04.291.a4ac76b init=/nix/store/r4hdvlarvcn95l3fjyyv5wi0rp1ghlm4-nixos-14.04.291.a4ac76b/init loglevel=4
[    0.000000] PID hash table entries: 4096 (order: 3, 32768 bytes)
[    0.000000] xsave: enabled xstate_bv 0x7, cntxt size 0x340
[    0.000000] Checking aperture...
[    0.000000] No AGP bridge found
[    0.000000] Node 0: aperture @ 0 size 32 MB
[    0.000000] Your BIOS doesn't leave a aperture memory hole
[    0.000000] Please enable the IOMMU option in the BIOS setup
[    0.000000] This costs you 64 MB of RAM
[    0.000000] Mapping aperture over 65536 KB of RAM @ 9c000000
[    0.000000] PM: Registered nosave memory: [mem 0x9c000000-0x9fffffff]
[    0.000000] Memory: 7238516K/7552264K available (4282K kernel code, 693K rwdata, 1472K rodata, 1060K init, 976K bss, 313748K reserved)
[    0.000000] SLUB: HWalign=64, Order=0-3, MinObjects=0, CPUs=4, Nodes=1
[    0.000000] Hierarchical RCU implementation.
[    0.000000] 	RCU restricting CPUs from NR_CPUS=64 to nr_cpu_ids=4.
[    0.000000] NR_IRQS:4352 nr_irqs:712 16
[    0.000000] Console: colour dummy device 80x25
[    0.000000] console [tty0] enabled
[    0.000000] allocated 30408704 bytes of page_cgroup
[    0.000000] please try 'cgroup_disable=memory' option if you don't want memory cgroups
[    0.000000] hpet clockevent registered
[    0.000000] tsc: Fast TSC calibration using PIT
[    0.001000] tsc: Detected 2495.292 MHz processor
[    0.000002] Calibrating delay loop (skipped), value calculated using timer frequency.. 4990.58 BogoMIPS (lpj=2495292)
[    0.000005] pid_max: default: 32768 minimum: 301
[    0.000022] init_memory_mapping: [mem 0xaf0bf000-0xaf4befff]
[    0.000023]  [mem 0xaf0bf000-0xaf1fffff] page 4k
[    0.000024]  [mem 0xaf200000-0xaf3fffff] page 2M
[    0.000025]  [mem 0xaf400000-0xaf4befff] page 4k
[    0.000046] init_memory_mapping: [mem 0xaf4bf000-0xaf8befff]
[    0.000048]  [mem 0xaf4bf000-0xaf5fffff] page 4k
[    0.000049]  [mem 0xaf600000-0xaf7fffff] page 2M
[    0.000050]  [mem 0xaf800000-0xaf8befff] page 4k
[    0.008911] Security Framework initialized
[    0.008917] SELinux:  Disabled at boot.
[    0.009494] Dentry cache hash table entries: 1048576 (order: 11, 8388608 bytes)
[    0.011717] Inode-cache hash table entries: 524288 (order: 10, 4194304 bytes)
[    0.012734] Mount-cache hash table entries: 256
[    0.012922] Initializing cgroup subsys memory
[    0.012935] Initializing cgroup subsys devices
[    0.012936] Initializing cgroup subsys freezer
[    0.012938] Initializing cgroup subsys blkio
[    0.012957] [Firmware Info]: CPU: Re-enabling disabled Topology Extensions Support
[    0.012960] tseg: 00afc00000
[    0.012962] CPU: Physical Processor ID: 0
[    0.012963] CPU: Processor Core ID: 0
[    0.012965] mce: CPU supports 7 MCE banks
[    0.012976] Last level iTLB entries: 4KB 512, 2MB 1024, 4MB 512
Last level dTLB entries: 4KB 1024, 2MB 1024, 4MB 512
tlb_flushall_shift: 5
[    0.013059] Freeing SMP alternatives memory: 16K (ffffffff819b8000 - ffffffff819bc000)
[    0.013776] ACPI: Core revision 20130725
[    0.019141] ACPI: All ACPI Tables successfully acquired
[    0.026900] ftrace: allocating 17942 entries in 71 pages
[    0.033102] ..TIMER: vector=0x30 apic1=0 pin1=2 apic2=-1 pin2=-1
[    0.043098] smpboot: CPU0: AMD A10-5750M APU with Radeon(tm) HD Graphics (fam: 15, model: 13, stepping: 01)
[    0.144720] Performance Events: Fam15h core perfctr, AMD PMU driver.
[    0.144725] ... version:                0
[    0.144727] ... bit width:              48
[    0.144728] ... generic registers:      6
[    0.144729] ... value mask:             0000ffffffffffff
[    0.144730] ... max period:             00007fffffffffff
[    0.144731] ... fixed-purpose events:   0
[    0.144732] ... event mask:             000000000000003f
[    0.156674] [Firmware Info]: CPU: Re-enabling disabled Topology Extensions Support
[    0.169890] [Firmware Info]: CPU: Re-enabling disabled Topology Extensions Support
[    0.145614] smpboot: Booting Node   0, Processors  #   1 #   2 #   3 OK
[    0.183100] [Firmware Info]: CPU: Re-enabling disabled Topology Extensions Support
[    0.185252] Brought up 4 CPUs
[    0.185255] smpboot: Total of 4 processors activated (19962.33 BogoMIPS)
[    0.186041] devtmpfs: initialized
[    0.186212] PM: Registering ACPI NVS region [mem 0x0006e000-0x0006ffff] (8192 bytes)
[    0.186214] PM: Registering ACPI NVS region [mem 0xafabf000-0xafbbefff] (1048576 bytes)
[    0.187354] regulator-dummy: no parameters
[    0.187436] NET: Registered protocol family 16
[    0.187819] cpuidle: using governor ladder
[    0.187821] cpuidle: using governor menu
[    0.187873] ACPI: bus type PCI registered
[    0.188073] PCI: MMCONFIG for domain 0000 [bus 00-3f] at [mem 0xf8000000-0xfbffffff] (base 0xf8000000)
[    0.188076] PCI: MMCONFIG at [mem 0xf8000000-0xfbffffff] reserved in E820
[    0.194593] PCI: Using configuration type 1 for base access
[    0.197057] bio: create slab <bio-0> at 0
[    0.197243] ACPI: Added _OSI(Module Device)
[    0.197245] ACPI: Added _OSI(Processor Device)
[    0.197246] ACPI: Added _OSI(3.0 _SCP Extensions)
[    0.197247] ACPI: Added _OSI(Processor Aggregator Device)
[    0.199462] ACPI: EC: Look up EC in DSDT
[    0.201834] ACPI: Executed 1 blocks of module-level executable AML code
[    0.207394] [Firmware Bug]: ACPI: BIOS _OSI(Linux) query ignored
[    0.216544] ACPI: Interpreter enabled
[    0.216553] ACPI Exception: AE_NOT_FOUND, While evaluating Sleep State [\_S1_] (20130725/hwxface-571)
[    0.216557] ACPI Exception: AE_NOT_FOUND, While evaluating Sleep State [\_S2_] (20130725/hwxface-571)
[    0.216573] ACPI: (supports S0 S3 S4 S5)
[    0.216575] ACPI: Using IOAPIC for interrupt routing
[    0.216987] PCI: Using host bridge windows from ACPI; if necessary, use "pci=nocrs" and report a bug
[    0.217295] ACPI: No dock devices found.
[    0.217988] [Firmware Bug]: ACPI: No _BQC method, cannot determine initial brightness
[    0.218009] [Firmware Bug]: ACPI: No _BQC method, cannot determine initial brightness
[    0.218274] [Firmware Bug]: ACPI: No _BQC method, cannot determine initial brightness
[    0.218288] [Firmware Bug]: ACPI: No _BQC method, cannot determine initial brightness
[    0.218598] [Firmware Bug]: ACPI: No _BQC method, cannot determine initial brightness
[    0.218616] [Firmware Bug]: ACPI: No _BQC method, cannot determine initial brightness
[    0.232669] ACPI: PCI Root Bridge [PCI0] (domain 0000 [bus 00-ff])
[    0.232683] acpi PNP0A08:00: ACPI _OSC support notification failed, disabling PCIe ASPM
[    0.232685] acpi PNP0A08:00: Unable to request _OSC control (_OSC support mask: 0x08)
[    0.232896] acpi PNP0A08:00: [Firmware Info]: MMCONFIG for domain 0000 [bus 00-3f] only partially covers this bridge
[    0.233066] PCI host bridge to bus 0000:00
[    0.233069] pci_bus 0000:00: root bus resource [bus 00-ff]
[    0.233071] pci_bus 0000:00: root bus resource [io  0x0000-0x0cf7]
[    0.233073] pci_bus 0000:00: root bus resource [io  0x0d00-0xffff]
[    0.233075] pci_bus 0000:00: root bus resource [mem 0x000a0000-0x000bffff]
[    0.233077] pci_bus 0000:00: root bus resource [mem 0x000c0000-0x000c3fff]
[    0.233078] pci_bus 0000:00: root bus resource [mem 0x000c4000-0x000c7fff]
[    0.233080] pci_bus 0000:00: root bus resource [mem 0x000c8000-0x000cbfff]
[    0.233082] pci_bus 0000:00: root bus resource [mem 0x000cc000-0x000cffff]
[    0.233083] pci_bus 0000:00: root bus resource [mem 0x000d0000-0x000d3fff]
[    0.233085] pci_bus 0000:00: root bus resource [mem 0x000d4000-0x000d7fff]
[    0.233086] pci_bus 0000:00: root bus resource [mem 0x000d8000-0x000dbfff]
[    0.233088] pci_bus 0000:00: root bus resource [mem 0x000dc000-0x000dffff]
[    0.233090] pci_bus 0000:00: root bus resource [mem 0x000e0000-0x000e3fff]
[    0.233091] pci_bus 0000:00: root bus resource [mem 0x000e4000-0x000e7fff]
[    0.233093] pci_bus 0000:00: root bus resource [mem 0x000e8000-0x000ebfff]
[    0.233094] pci_bus 0000:00: root bus resource [mem 0x000ec000-0x000effff]
[    0.233099] pci_bus 0000:00: root bus resource [mem 0xe0000000-0xf7ffffff]
[    0.233100] pci_bus 0000:00: root bus resource [mem 0xfc000000-0xfed3ffff]
[    0.233102] pci_bus 0000:00: root bus resource [mem 0xfed45000-0xffffffff]
[    0.233111] pci 0000:00:00.0: [1022:1410] type 00 class 0x060000
[    0.233302] pci 0000:00:01.0: [1002:990b] type 00 class 0x030000
[    0.233311] pci 0000:00:01.0: reg 0x10: [mem 0xe0000000-0xefffffff pref]
[    0.233317] pci 0000:00:01.0: reg 0x14: [io  0x3000-0x30ff]
[    0.233322] pci 0000:00:01.0: reg 0x18: [mem 0xf0200000-0xf023ffff]
[    0.233358] pci 0000:00:01.0: supports D1 D2
[    0.233476] pci 0000:00:01.1: [1002:9902] type 00 class 0x040300
[    0.233484] pci 0000:00:01.1: reg 0x10: [mem 0xf0244000-0xf0247fff]
[    0.233526] pci 0000:00:01.1: supports D1 D2
[    0.233672] pci 0000:00:04.0: [1022:1414] type 01 class 0x060400
[    0.233718] pci 0000:00:04.0: PME# supported from D0 D3hot D3cold
[    0.233795] pci 0000:00:04.0: System wakeup disabled by ACPI
[    0.233860] pci 0000:00:05.0: [1022:1415] type 01 class 0x060400
[    0.233902] pci 0000:00:05.0: PME# supported from D0 D3hot D3cold
[    0.233967] pci 0000:00:05.0: System wakeup disabled by ACPI
[    0.234098] pci 0000:00:10.0: [1022:7814] type 00 class 0x0c0330
[    0.234118] pci 0000:00:10.0: reg 0x10: [mem 0xf0248000-0xf0249fff 64bit]
[    0.234210] pci 0000:00:10.0: PME# supported from D0 D3hot D3cold
[    0.234286] pci 0000:00:10.0: System wakeup disabled by ACPI
[    0.234375] pci 0000:00:11.0: [1022:7801] type 00 class 0x010601
[    0.234392] pci 0000:00:11.0: reg 0x10: [io  0x3118-0x311f]
[    0.234400] pci 0000:00:11.0: reg 0x14: [io  0x3124-0x3127]
[    0.234408] pci 0000:00:11.0: reg 0x18: [io  0x3110-0x3117]
[    0.234417] pci 0000:00:11.0: reg 0x1c: [io  0x3120-0x3123]
[    0.234425] pci 0000:00:11.0: reg 0x20: [io  0x3100-0x310f]
[    0.234433] pci 0000:00:11.0: reg 0x24: [mem 0xf024e000-0xf024e7ff]
[    0.234622] pci 0000:00:12.0: [1022:7807] type 00 class 0x0c0310
[    0.234634] pci 0000:00:12.0: reg 0x10: [mem 0xf024d000-0xf024dfff]
[    0.234743] pci 0000:00:12.0: System wakeup disabled by ACPI
[    0.234812] pci 0000:00:12.2: [1022:7808] type 00 class 0x0c0320
[    0.235150] pci 0000:00:12.2: reg 0x10: [mem 0xf024c000-0xf024c0ff]
[    0.237105] pci 0000:00:12.2: supports D1 D2
[    0.237107] pci 0000:00:12.2: PME# supported from D0 D1 D2 D3hot D3cold
[    0.237253] pci 0000:00:13.0: [1022:7807] type 00 class 0x0c0310
[    0.237266] pci 0000:00:13.0: reg 0x10: [mem 0xf024b000-0xf024bfff]
[    0.237370] pci 0000:00:13.0: System wakeup disabled by ACPI
[    0.237452] pci 0000:00:13.2: [1022:7808] type 00 class 0x0c0320
[    0.237795] pci 0000:00:13.2: reg 0x10: [mem 0xf024a000-0xf024a0ff]
[    0.239751] pci 0000:00:13.2: supports D1 D2
[    0.239753] pci 0000:00:13.2: PME# supported from D0 D1 D2 D3hot D3cold
[    0.239902] pci 0000:00:14.0: [1022:780b] type 00 class 0x0c0500
[    0.240084] pci 0000:00:14.2: [1022:780d] type 00 class 0x040300
[    0.240102] pci 0000:00:14.2: reg 0x10: [mem 0xf0240000-0xf0243fff 64bit]
[    0.240159] pci 0000:00:14.2: PME# supported from D0 D3hot D3cold
[    0.240291] pci 0000:00:14.3: [1022:780e] type 00 class 0x060100
[    0.240475] pci 0000:00:14.4: [1022:780f] type 01 class 0x060401
[    0.240560] pci 0000:00:14.4: System wakeup disabled by ACPI
[    0.240640] pci 0000:00:18.0: [1022:1400] type 00 class 0x060000
[    0.240764] pci 0000:00:18.1: [1022:1401] type 00 class 0x060000
[    0.240880] pci 0000:00:18.2: [1022:1402] type 00 class 0x060000
[    0.240996] pci 0000:00:18.3: [1022:1403] type 00 class 0x060000
[    0.241117] pci 0000:00:18.4: [1022:1404] type 00 class 0x060000
[    0.241235] pci 0000:00:18.5: [1022:1405] type 00 class 0x060000
[    0.241490] pci 0000:01:00.0: [1969:10a0] type 00 class 0x020000
[    0.241508] pci 0000:01:00.0: reg 0x10: [mem 0xf0100000-0xf013ffff 64bit]
[    0.241518] pci 0000:01:00.0: reg 0x18: [io  0x2000-0x207f]
[    0.241598] pci 0000:01:00.0: PME# supported from D0 D1 D2 D3hot D3cold
[    0.243723] pci 0000:00:04.0: PCI bridge to [bus 01]
[    0.243731] pci 0000:00:04.0:   bridge window [io  0x2000-0x2fff]
[    0.243734] pci 0000:00:04.0:   bridge window [mem 0xf0100000-0xf01fffff]
[    0.243987] pci 0000:02:00.0: [168c:0036] type 00 class 0x028000
[    0.244024] pci 0000:02:00.0: reg 0x10: [mem 0xf0000000-0xf007ffff 64bit]
[    0.244080] pci 0000:02:00.0: reg 0x30: [mem 0xffff0000-0xffffffff pref]
[    0.244139] pci 0000:02:00.0: supports D1 D2
[    0.244141] pci 0000:02:00.0: PME# supported from D0 D1 D2 D3hot D3cold
[    0.245730] pci 0000:00:05.0: PCI bridge to [bus 02]
[    0.245740] pci 0000:00:05.0:   bridge window [mem 0xf0000000-0xf00fffff]
[    0.246020] pci 0000:00:14.4: PCI bridge to [bus 03] (subtractive decode)
[    0.246029] pci 0000:00:14.4:   bridge window [io  0x0000-0x0cf7] (subtractive decode)
[    0.246031] pci 0000:00:14.4:   bridge window [io  0x0d00-0xffff] (subtractive decode)
[    0.246033] pci 0000:00:14.4:   bridge window [mem 0x000a0000-0x000bffff] (subtractive decode)
[    0.246035] pci 0000:00:14.4:   bridge window [mem 0x000c0000-0x000c3fff] (subtractive decode)
[    0.246036] pci 0000:00:14.4:   bridge window [mem 0x000c4000-0x000c7fff] (subtractive decode)
[    0.246038] pci 0000:00:14.4:   bridge window [mem 0x000c8000-0x000cbfff] (subtractive decode)
[    0.246040] pci 0000:00:14.4:   bridge window [mem 0x000cc000-0x000cffff] (subtractive decode)
[    0.246041] pci 0000:00:14.4:   bridge window [mem 0x000d0000-0x000d3fff] (subtractive decode)
[    0.246043] pci 0000:00:14.4:   bridge window [mem 0x000d4000-0x000d7fff] (subtractive decode)
[    0.246045] pci 0000:00:14.4:   bridge window [mem 0x000d8000-0x000dbfff] (subtractive decode)
[    0.246046] pci 0000:00:14.4:   bridge window [mem 0x000dc000-0x000dffff] (subtractive decode)
[    0.246048] pci 0000:00:14.4:   bridge window [mem 0x000e0000-0x000e3fff] (subtractive decode)
[    0.246050] pci 0000:00:14.4:   bridge window [mem 0x000e4000-0x000e7fff] (subtractive decode)
[    0.246051] pci 0000:00:14.4:   bridge window [mem 0x000e8000-0x000ebfff] (subtractive decode)
[    0.246053] pci 0000:00:14.4:   bridge window [mem 0x000ec000-0x000effff] (subtractive decode)
[    0.246055] pci 0000:00:14.4:   bridge window [mem 0xe0000000-0xf7ffffff] (subtractive decode)
[    0.246056] pci 0000:00:14.4:   bridge window [mem 0xfc000000-0xfed3ffff] (subtractive decode)
[    0.246058] pci 0000:00:14.4:   bridge window [mem 0xfed45000-0xffffffff] (subtractive decode)
[    0.248145] ACPI: PCI Interrupt Link [LNKA] (IRQs 3 4 5 7 10 11 12 14 15) *0
[    0.248234] ACPI: PCI Interrupt Link [LNKB] (IRQs 3 4 5 7 10 11 12 14 15) *0
[    0.248319] ACPI: PCI Interrupt Link [LNKC] (IRQs 3 4 5 7 10 11 12 14 15) *0
[    0.248402] ACPI: PCI Interrupt Link [LNKD] (IRQs 3 4 5 7 10 11 12 14 15) *0
[    0.248473] ACPI: PCI Interrupt Link [LNKE] (IRQs 3 4 5 7 10 11 12 14 15) *0
[    0.248525] ACPI: PCI Interrupt Link [LNKF] (IRQs 3 4 5 7 10 11 12 14 15) *0
[    0.248577] ACPI: PCI Interrupt Link [LNKG] (IRQs 3 4 5 7 10 11 12 14 15) *0
[    0.248640] ACPI: PCI Interrupt Link [LNKH] (IRQs 3 4 5 7 10 11 12 14 15) *0
[    0.249029] ACPI: Enabled 5 GPEs in block 00 to 1F
[    0.249038] ACPI: \_SB_.PCI0: notify handler is installed
[    0.249112] Found 1 acpi root devices
[    0.249156] ACPI: EC: GPE = 0x3, I/O: command/status = 0x66, data = 0x62
[    0.249475] vgaarb: device added: PCI:0000:00:01.0,decodes=io+mem,owns=io+mem,locks=none
[    0.249482] vgaarb: loaded
[    0.249483] vgaarb: bridge control possible 0000:00:01.0
[    0.249638] PCI: Using ACPI for IRQ routing
[    0.251398] PCI: pci_cache_line_size set to 64 bytes
[    0.251476] e820: reserve RAM buffer [mem 0x0006e000-0x0006ffff]
[    0.251478] e820: reserve RAM buffer [mem 0x00086000-0x0008ffff]
[    0.251480] e820: reserve RAM buffer [mem 0xa4ffc018-0xa7ffffff]
[    0.251482] e820: reserve RAM buffer [mem 0xa5009018-0xa7ffffff]
[    0.251483] e820: reserve RAM buffer [mem 0xa555e000-0xa7ffffff]
[    0.251485] e820: reserve RAM buffer [mem 0xa5dbc000-0xa7ffffff]
[    0.251486] e820: reserve RAM buffer [mem 0xaf0bf000-0xafffffff]
[    0.251487] e820: reserve RAM buffer [mem 0xafc00000-0xafffffff]
[    0.251489] e820: reserve RAM buffer [mem 0x21f000000-0x21fffffff]
[    0.251852] NetLabel: Initializing
[    0.251856] NetLabel:  domain hash size = 128
[    0.251857] NetLabel:  protocols = UNLABELED CIPSOv4
[    0.251871] NetLabel:  unlabeled traffic allowed by default
[    0.251944] hpet0: at MMIO 0xfed00000, IRQs 2, 8, 0
[    0.251947] hpet0: 3 comparators, 32-bit 14.318180 MHz counter
[    0.254078] Switched to clocksource hpet
[    0.259716] pnp: PnP ACPI init
[    0.259733] ACPI: bus type PNP registered
[    0.259933] system 00:00: [mem 0xfec00000-0xfec00fff] could not be reserved
[    0.259936] system 00:00: [mem 0xfee00000-0xfee00fff] has been reserved
[    0.259940] system 00:00: Plug and Play ACPI device, IDs PNP0c02 (active)
[    0.260177] pnp 00:01: Plug and Play ACPI device, IDs PNP0103 (active)
[    0.260266] pnp 00:02: [dma 4]
[    0.260339] pnp 00:02: Plug and Play ACPI device, IDs PNP0200 (active)
[    0.260404] pnp 00:03: Plug and Play ACPI device, IDs PNP0c04 (active)
[    0.260499] pnp 00:04: Plug and Play ACPI device, IDs PNP0b00 (active)
[    0.260563] pnp 00:05: Plug and Play ACPI device, IDs PNP0800 (active)
[    0.260630] pnp 00:06: Plug and Play ACPI device, IDs MSF0001 PNP0303 (active)
[    0.260714] pnp 00:07: Plug and Play ACPI device, IDs ETD061b ETD0001 PNP0f13 (active)
[    0.260845] system 00:08: [io  0x0400-0x04cf] could not be reserved
[    0.260848] system 00:08: [io  0x04d0-0x04d1] has been reserved
[    0.260850] system 00:08: [io  0x04d6] has been reserved
[    0.260852] system 00:08: [io  0x0680-0x06ff] has been reserved
[    0.260854] system 00:08: [io  0x077a] has been reserved
[    0.260856] system 00:08: [io  0x0c00-0x0c01] has been reserved
[    0.260857] system 00:08: [io  0x0c14] has been reserved
[    0.260859] system 00:08: [io  0x0c50-0x0c52] has been reserved
[    0.260861] system 00:08: [io  0x0c6c] has been reserved
[    0.260863] system 00:08: [io  0x0c6f] has been reserved
[    0.260865] system 00:08: [io  0x0cd0-0x0cdb] has been reserved
[    0.260867] system 00:08: [io  0x0840-0x0847] has been reserved
[    0.260869] system 00:08: Plug and Play ACPI device, IDs PNP0c02 (active)
[    0.260997] system 00:09: [mem 0x000e0000-0x000fffff] could not be reserved
[    0.261000] system 00:09: [mem 0xffc00000-0xffffffff] has been reserved
[    0.261002] system 00:09: Plug and Play ACPI device, IDs PNP0c01 (active)
[    0.262629] pnp: PnP ACPI: found 10 devices
[    0.262633] ACPI: bus type PNP unregistered
[    0.272465] pci 0000:02:00.0: no compatible bridge window for [mem 0xffff0000-0xffffffff pref]
[    0.272490] pci 0000:00:05.0: BAR 9: assigned [mem 0xf0300000-0xf03fffff pref]
[    0.272493] pci 0000:00:04.0: PCI bridge to [bus 01]
[    0.272496] pci 0000:00:04.0:   bridge window [io  0x2000-0x2fff]
[    0.272500] pci 0000:00:04.0:   bridge window [mem 0xf0100000-0xf01fffff]
[    0.272505] pci 0000:02:00.0: BAR 6: assigned [mem 0xf0300000-0xf030ffff pref]
[    0.272507] pci 0000:00:05.0: PCI bridge to [bus 02]
[    0.272510] pci 0000:00:05.0:   bridge window [mem 0xf0000000-0xf00fffff]
[    0.272513] pci 0000:00:05.0:   bridge window [mem 0xf0300000-0xf03fffff pref]
[    0.272516] pci 0000:00:14.4: PCI bridge to [bus 03]
[    0.272527] pci_bus 0000:00: resource 4 [io  0x0000-0x0cf7]
[    0.272529] pci_bus 0000:00: resource 5 [io  0x0d00-0xffff]
[    0.272531] pci_bus 0000:00: resource 6 [mem 0x000a0000-0x000bffff]
[    0.272533] pci_bus 0000:00: resource 7 [mem 0x000c0000-0x000c3fff]
[    0.272534] pci_bus 0000:00: resource 8 [mem 0x000c4000-0x000c7fff]
[    0.272536] pci_bus 0000:00: resource 9 [mem 0x000c8000-0x000cbfff]
[    0.272538] pci_bus 0000:00: resource 10 [mem 0x000cc000-0x000cffff]
[    0.272539] pci_bus 0000:00: resource 11 [mem 0x000d0000-0x000d3fff]
[    0.272541] pci_bus 0000:00: resource 12 [mem 0x000d4000-0x000d7fff]
[    0.272542] pci_bus 0000:00: resource 13 [mem 0x000d8000-0x000dbfff]
[    0.272544] pci_bus 0000:00: resource 14 [mem 0x000dc000-0x000dffff]
[    0.272546] pci_bus 0000:00: resource 15 [mem 0x000e0000-0x000e3fff]
[    0.272547] pci_bus 0000:00: resource 16 [mem 0x000e4000-0x000e7fff]
[    0.272549] pci_bus 0000:00: resource 17 [mem 0x000e8000-0x000ebfff]
[    0.272550] pci_bus 0000:00: resource 18 [mem 0x000ec000-0x000effff]
[    0.272552] pci_bus 0000:00: resource 19 [mem 0xe0000000-0xf7ffffff]
[    0.272554] pci_bus 0000:00: resource 20 [mem 0xfc000000-0xfed3ffff]
[    0.272555] pci_bus 0000:00: resource 21 [mem 0xfed45000-0xffffffff]
[    0.272557] pci_bus 0000:01: resource 0 [io  0x2000-0x2fff]
[    0.272559] pci_bus 0000:01: resource 1 [mem 0xf0100000-0xf01fffff]
[    0.272561] pci_bus 0000:02: resource 1 [mem 0xf0000000-0xf00fffff]
[    0.272562] pci_bus 0000:02: resource 2 [mem 0xf0300000-0xf03fffff pref]
[    0.272564] pci_bus 0000:03: resource 4 [io  0x0000-0x0cf7]
[    0.272566] pci_bus 0000:03: resource 5 [io  0x0d00-0xffff]
[    0.272568] pci_bus 0000:03: resource 6 [mem 0x000a0000-0x000bffff]
[    0.272569] pci_bus 0000:03: resource 7 [mem 0x000c0000-0x000c3fff]
[    0.272571] pci_bus 0000:03: resource 8 [mem 0x000c4000-0x000c7fff]
[    0.272572] pci_bus 0000:03: resource 9 [mem 0x000c8000-0x000cbfff]
[    0.272574] pci_bus 0000:03: resource 10 [mem 0x000cc000-0x000cffff]
[    0.272576] pci_bus 0000:03: resource 11 [mem 0x000d0000-0x000d3fff]
[    0.272577] pci_bus 0000:03: resource 12 [mem 0x000d4000-0x000d7fff]
[    0.272579] pci_bus 0000:03: resource 13 [mem 0x000d8000-0x000dbfff]
[    0.272580] pci_bus 0000:03: resource 14 [mem 0x000dc000-0x000dffff]
[    0.272582] pci_bus 0000:03: resource 15 [mem 0x000e0000-0x000e3fff]
[    0.272583] pci_bus 0000:03: resource 16 [mem 0x000e4000-0x000e7fff]
[    0.272585] pci_bus 0000:03: resource 17 [mem 0x000e8000-0x000ebfff]
[    0.272587] pci_bus 0000:03: resource 18 [mem 0x000ec000-0x000effff]
[    0.272588] pci_bus 0000:03: resource 19 [mem 0xe0000000-0xf7ffffff]
[    0.272590] pci_bus 0000:03: resource 20 [mem 0xfc000000-0xfed3ffff]
[    0.272591] pci_bus 0000:03: resource 21 [mem 0xfed45000-0xffffffff]
[    0.272623] NET: Registered protocol family 2
[    0.272850] TCP established hash table entries: 65536 (order: 8, 1048576 bytes)
[    0.273225] TCP bind hash table entries: 65536 (order: 8, 1048576 bytes)
[    0.273472] TCP: Hash tables configured (established 65536 bind 65536)
[    0.273509] TCP: reno registered
[    0.273524] UDP hash table entries: 4096 (order: 5, 131072 bytes)
[    0.273567] UDP-Lite hash table entries: 4096 (order: 5, 131072 bytes)
[    0.273671] pci 0000:00:01.0: Boot video device
[    0.421202] pci 0000:01:00.0: set MSI_INTX_DISABLE_BUG flag
[    0.421226] PCI: CLS 64 bytes, default 64
[    0.421278] Unpacking initramfs...
[    0.525723] Freeing initrd memory: 5860K (ffff88007fa47000 - ffff880080000000)
[    0.525730] PCI-DMA: Using software bounce buffering for IO (SWIOTLB)
[    0.525732] software IO TLB [mem 0xa82a5000-0xac2a5000] (64MB) mapped at [ffff8800a82a5000-ffff8800ac2a4fff]
[    0.525841] Simple Boot Flag at 0x44 set to 0x1
[    0.525977] perf: AMD NB counters detected
[    0.525997] LVT offset 0 assigned for vector 0x400
[    0.526018] perf: AMD IBS detected (0x000000ff)
[    0.526140] Scanning for low memory corruption every 60 seconds
[    0.526796] audit: initializing netlink socket (disabled)
[    0.526806] type=2000 audit(1401937404.414:1): initialized
[    0.527822] bounce pool size: 64 pages
[    0.527826] HugeTLB registered 2 MB page size, pre-allocated 0 pages
[    0.531817] VFS: Disk quotas dquot_6.5.2
[    0.531910] Dquot-cache hash table entries: 512 (order 0, 4096 bytes)
[    0.532059] msgmni has been set to 14238
[    0.532394] Block layer SCSI generic (bsg) driver version 0.4 loaded (major 252)
[    0.532428] io scheduler noop registered
[    0.532485] io scheduler cfq registered (default)
[    0.532581] pcieport 0000:00:04.0: device [1022:1414] has invalid IRQ; check vendor BIOS
[    0.532710] pcieport 0000:00:05.0: device [1022:1415] has invalid IRQ; check vendor BIOS
[    0.533011] pci_hotplug: PCI Hot Plug PCI Core version: 0.5
[    0.533022] efifb: probing for efifb
[    0.533469] efifb: framebuffer at 0xe0000000, mapped to 0xffffc90009400000, using 4224k, total 4224k
[    0.533470] efifb: mode is 1366x768x32, linelength=5632, pages=1
[    0.533471] efifb: scrolling: redraw
[    0.533473] efifb: Truecolor: size=8:8:8:8, shift=24:16:8:0
[    0.533721] fb0: EFI VGA frame buffer device
[    0.533880] Serial: 8250/16550 driver, 4 ports, IRQ sharing enabled
[    0.535404] registered taskstats version 1
[    0.536055] regulator-dummy: disabling
[    0.536189] PM: Hibernation image not present or could not be loaded.
[    0.537091] Freeing unused kernel memory: 1060K (ffffffff818af000 - ffffffff819b8000)
[    0.537093] Write protecting the kernel read-only data: 8192k
[    0.542294] Freeing unused kernel memory: 1852K (ffff880001431000 - ffff880001600000)
[    0.543982] Freeing unused kernel memory: 576K (ffff880001770000 - ffff880001800000)
[    0.558292] device-mapper: ioctl: 4.26.0-ioctl (2013-08-15) initialised: dm-devel@redhat.com
[    0.563304] NET: Registered protocol family 1
[    0.563900] systemd-udevd[520]: starting version 212
[    0.577380] rtc_cmos 00:04: RTC can wake from S4
[    0.577768] rtc_cmos 00:04: rtc core: registered rtc_cmos as rtc0
[    0.577837] rtc_cmos 00:04: alarms up to one month, 114 bytes nvram, hpet irqs
[    0.578322] i8042: PNP: PS/2 Controller [PNP0303:KBC0,PNP0f13:MSSG] at 0x60,0x64 irq 1,12
[    0.590607] ACPI: bus type USB registered
[    0.590708] usbcore: registered new interface driver usbfs
[    0.590758] usbcore: registered new interface driver hub
[    0.590825] usbcore: registered new device driver usb
[    0.593244] ehci_hcd: USB 2.0 'Enhanced' Host Controller (EHCI) Driver
[    0.593423] xhci_hcd 0000:00:10.0: xHCI Host Controller
[    0.593429] xhci_hcd 0000:00:10.0: new USB bus registered, assigned bus number 1
[    0.593464] QUIRK: Enable AMD PLL fix
[    0.593651] xhci_hcd 0000:00:10.0: irq 40 for MSI/MSI-X
[    0.593656] xhci_hcd 0000:00:10.0: irq 41 for MSI/MSI-X
[    0.593661] xhci_hcd 0000:00:10.0: irq 42 for MSI/MSI-X
[    0.593666] xhci_hcd 0000:00:10.0: irq 43 for MSI/MSI-X
[    0.593672] xhci_hcd 0000:00:10.0: irq 44 for MSI/MSI-X
[    0.593815] usb usb1: New USB device found, idVendor=1d6b, idProduct=0002
[    0.593818] usb usb1: New USB device strings: Mfr=3, Product=2, SerialNumber=1
[    0.593820] usb usb1: Product: xHCI Host Controller
[    0.593822] usb usb1: Manufacturer: Linux 3.12.20 xhci_hcd
[    0.593824] usb usb1: SerialNumber: 0000:00:10.0
[    0.593926] ohci_hcd: USB 1.1 'Open' Host Controller (OHCI) Driver
[    0.594692] ehci-pci: EHCI PCI platform driver
[    0.594726] hub 1-0:1.0: USB hub found
[    0.594791] hub 1-0:1.0: 2 ports detected
[    0.594793] ohci-pci: OHCI PCI platform driver
[    0.594915] xhci_hcd 0000:00:10.0: xHCI Host Controller
[    0.594920] xhci_hcd 0000:00:10.0: new USB bus registered, assigned bus number 2
[    0.597087] usb usb2: New USB device found, idVendor=1d6b, idProduct=0003
[    0.597090] usb usb2: New USB device strings: Mfr=3, Product=2, SerialNumber=1
[    0.597092] usb usb2: Product: xHCI Host Controller
[    0.597094] usb usb2: Manufacturer: Linux 3.12.20 xhci_hcd
[    0.597097] usb usb2: SerialNumber: 0000:00:10.0
[    0.597452] hub 2-0:1.0: USB hub found
[    0.597474] hub 2-0:1.0: 2 ports detected
[    0.597559] SCSI subsystem initialized
[    0.600270] libata version 3.00 loaded.
[    0.636932] serio: i8042 KBD port at 0x60,0x64 irq 1
[    0.636940] serio: i8042 AUX port at 0x60,0x64 irq 12
[    0.642141] ehci-pci 0000:00:12.2: EHCI Host Controller
[    0.642153] ehci-pci 0000:00:12.2: new USB bus registered, assigned bus number 3
[    0.642159] ehci-pci 0000:00:12.2: applying AMD SB700/SB800/Hudson-2/3 EHCI dummy qh workaround
[    0.642172] ehci-pci 0000:00:12.2: debug port 1
[    0.642215] ehci-pci 0000:00:12.2: irq 17, io mem 0xf024c000
[    0.647887] ehci-pci 0000:00:12.2: USB 2.0 started, EHCI 1.00
[    0.648017] usb usb3: New USB device found, idVendor=1d6b, idProduct=0002
[    0.648019] usb usb3: New USB device strings: Mfr=3, Product=2, SerialNumber=1
[    0.648021] usb usb3: Product: EHCI Host Controller
[    0.648023] usb usb3: Manufacturer: Linux 3.12.20 ehci_hcd
[    0.648025] usb usb3: SerialNumber: 0000:00:12.2
[    0.648314] hub 3-0:1.0: USB hub found
[    0.648333] hub 3-0:1.0: 5 ports detected
[    0.648864] ehci-pci 0000:00:13.2: EHCI Host Controller
[    0.648871] ehci-pci 0000:00:13.2: new USB bus registered, assigned bus number 4
[    0.648875] ehci-pci 0000:00:13.2: applying AMD SB700/SB800/Hudson-2/3 EHCI dummy qh workaround
[    0.648885] ehci-pci 0000:00:13.2: debug port 1
[    0.648912] ehci-pci 0000:00:13.2: irq 17, io mem 0xf024a000
[    0.654877] ehci-pci 0000:00:13.2: USB 2.0 started, EHCI 1.00
[    0.655007] usb usb4: New USB device found, idVendor=1d6b, idProduct=0002
[    0.655012] usb usb4: New USB device strings: Mfr=3, Product=2, SerialNumber=1
[    0.655014] usb usb4: Product: EHCI Host Controller
[    0.655016] usb usb4: Manufacturer: Linux 3.12.20 ehci_hcd
[    0.655017] usb usb4: SerialNumber: 0000:00:13.2
[    0.655302] hub 4-0:1.0: USB hub found
[    0.655317] hub 4-0:1.0: 5 ports detected
[    0.655714] ohci-pci 0000:00:12.0: OHCI PCI host controller
[    0.655732] ohci-pci 0000:00:12.0: new USB bus registered, assigned bus number 5
[    0.655760] ohci-pci 0000:00:12.0: irq 18, io mem 0xf024d000
[    0.683909] input: AT Translated Set 2 keyboard as /devices/platform/i8042/serio0/input/input0
[    0.711614] usb usb5: New USB device found, idVendor=1d6b, idProduct=0001
[    0.711619] usb usb5: New USB device strings: Mfr=3, Product=2, SerialNumber=1
[    0.711621] usb usb5: Product: OHCI PCI host controller
[    0.711622] usb usb5: Manufacturer: Linux 3.12.20 ohci_hcd
[    0.711624] usb usb5: SerialNumber: 0000:00:12.0
[    0.712002] hub 5-0:1.0: USB hub found
[    0.712011] hub 5-0:1.0: 5 ports detected
[    0.712398] ohci-pci 0000:00:13.0: OHCI PCI host controller
[    0.712405] ohci-pci 0000:00:13.0: new USB bus registered, assigned bus number 6
[    0.712419] ohci-pci 0000:00:13.0: irq 18, io mem 0xf024b000
[    0.766792] usb usb6: New USB device found, idVendor=1d6b, idProduct=0001
[    0.766797] usb usb6: New USB device strings: Mfr=3, Product=2, SerialNumber=1
[    0.766799] usb usb6: Product: OHCI PCI host controller
[    0.766800] usb usb6: Manufacturer: Linux 3.12.20 ohci_hcd
[    0.766802] usb usb6: SerialNumber: 0000:00:13.0
[    0.767210] hub 6-0:1.0: USB hub found
[    0.767219] hub 6-0:1.0: 5 ports detected
[    0.767413] ahci 0000:00:11.0: version 3.0
[    0.767593] ahci 0000:00:11.0: irq 45 for MSI/MSI-X
[    0.767671] ahci 0000:00:11.0: AHCI 0001.0300 32 slots 2 ports 6 Gbps 0x3 impl SATA mode
[    0.767674] ahci 0000:00:11.0: flags: 64bit ncq sntf ilck pm led clo pmp pio slum part 
[    0.768189] scsi0 : ahci
[    0.768338] scsi1 : ahci
[    0.768454] ata1: SATA max UDMA/133 abar m2048@0xf024e000 port 0xf024e100 irq 45
[    0.768457] ata2: SATA max UDMA/133 abar m2048@0xf024e000 port 0xf024e180 irq 45
[    1.201485] usb 3-4: new high-speed USB device number 3 using ehci-pci
[    1.227336] ata1: SATA link up 3.0 Gbps (SStatus 123 SControl 300)
[    1.227357] ata2: SATA link up 1.5 Gbps (SStatus 113 SControl 300)
[    1.229097] ata2.00: ATAPI: HL-DT-ST DVDRAM GU70N, DE01, max UDMA/133
[    1.231154] ata2.00: configured for UDMA/133
[    1.233707] ata1.00: ATA-8: ST1000LM024 HN-M101MBB, 2AR20002, max UDMA/100
[    1.233715] ata1.00: 1953525168 sectors, multi 16: LBA48 NCQ (depth 31/32)
[    1.240285] ata1.00: configured for UDMA/100
[    1.240567] scsi 0:0:0:0: Direct-Access     ATA      ST1000LM024 HN-M 2AR2 PQ: 0 ANSI: 5
[    1.241479] scsi 1:0:0:0: CD-ROM            HL-DT-ST DVDRAM GU70N     DE01 PQ: 0 ANSI: 5
[    1.244137] sd 0:0:0:0: [sda] 1953525168 512-byte logical blocks: (1.00 TB/931 GiB)
[    1.244141] sd 0:0:0:0: [sda] 4096-byte physical blocks
[    1.244265] sd 0:0:0:0: [sda] Write Protect is off
[    1.244268] sd 0:0:0:0: [sda] Mode Sense: 00 3a 00 00
[    1.244304] sd 0:0:0:0: [sda] Write cache: enabled, read cache: enabled, doesn't support DPO or FUA
[    1.245966] sr0: scsi3-mmc drive: 24x/24x writer dvd-ram cd/rw xa/form2 cdda tray
[    1.245972] cdrom: Uniform CD-ROM driver Revision: 3.20
[    1.246218] sr 1:0:0:0: Attached scsi CD-ROM sr0
[    1.302803]  sda: sda1 sda2
[    1.303355] sd 0:0:0:0: [sda] Attached SCSI disk
[    1.390324] usb 3-4: New USB device found, idVendor=174f, idProduct=148d
[    1.390328] usb 3-4: New USB device strings: Mfr=3, Product=1, SerialNumber=2
[    1.390330] usb 3-4: Product: Lenovo EasyCamera
[    1.390332] usb 3-4: Manufacturer: Generic
[    1.390333] usb 3-4: SerialNumber: 200901010001
[    1.498244] usb 4-2: new high-speed USB device number 2 using ehci-pci
[    1.527064] tsc: Refined TSC clocksource calibration: 2495.337 MHz
[    1.553282] SGI XFS with ACLs, security attributes, realtime, large block/inode numbers, no debug enabled
[    1.554965] XFS (sda2): Mounting Filesystem
[    1.614918] usb 4-2: New USB device found, idVendor=0bda, idProduct=0129
[    1.614922] usb 4-2: New USB device strings: Mfr=1, Product=2, SerialNumber=3
[    1.614925] usb 4-2: Product: USB2.0-CRW
[    1.614926] usb 4-2: Manufacturer: Generic
[    1.614928] usb 4-2: SerialNumber: 20100201396000000
[    1.643723] XFS (sda2): Starting recovery (logdev: internal)
[    1.841894] usb 5-3: new full-speed USB device number 2 using ohci-pci
[    1.922747] XFS (sda2): Ending recovery (logdev: internal)
[    1.983663] usb 5-3: New USB device found, idVendor=0cf3, idProduct=3004
[    1.983668] usb 5-3: New USB device strings: Mfr=0, Product=0, SerialNumber=0
[    2.526277] Switched to clocksource tsc
[    2.669793] booting system configuration /nix/store/r4hdvlarvcn95l3fjyyv5wi0rp1ghlm4-nixos-14.04.291.a4ac76b
[    6.808472] NET: Registered protocol family 10
[    7.815751] systemd-udevd[1261]: starting version 212
[    7.939651] kvm: disabled by bios
[    8.224234] systemd-journald[1253]: Received request to flush runtime journal from PID 1
[    8.622229] thinkpad_ec: no ThinkPad embedded controller!
[    9.218035] input: Power Button as /devices/LNXSYSTM:00/device:00/PNP0C0C:00/input/input2
[    9.218041] ACPI: Power Button [PWRB]
[    9.218107] input: Lid Switch as /devices/LNXSYSTM:00/device:00/PNP0C0D:00/input/input3
[    9.218179] ACPI: Lid Switch [LID]
[    9.218213] input: Power Button as /devices/LNXSYSTM:00/LNXPWRBN:00/input/input4
[    9.218216] ACPI: Power Button [PWRF]
[    9.500028] ACPI: AC Adapter [ACAD] (on-line)
[    9.559025] ACPI: Battery Slot [BAT1] (battery present)
[    9.576643] shpchp: Standard Hot Plug PCI Controller Driver version: 0.4
[    9.793743] ACPI Warning: 0x0000000000000b00-0x0000000000000b07 SystemIO conflicts with Region \_SB_.PCI0.SMBS.SMB0 1 (20130725/utaddress-251)
[    9.793750] ACPI: If an ACPI driver is available for this device, you should use it instead of the native driver
[   10.202120] hda-intel 0000:00:01.1: Force to non-snoop mode
[   10.202167] snd_hda_intel 0000:00:01.1: irq 46 for MSI/MSI-X
[   10.223570] Linux agpgart interface v0.103
[   10.259437] Linux video capture interface: v2.00
[   10.275371] [drm] Initialized drm 1.1.0 20060810
[   10.286726] alx 0000:01:00.0 eth0: Qualcomm Atheros AR816x/AR817x Ethernet [20:1a:06:97:15:c5]
[   10.386438] Bluetooth: Core ver 2.16
[   10.386456] NET: Registered protocol family 31
[   10.386457] Bluetooth: HCI device and connection manager initialized
[   10.386465] Bluetooth: HCI socket layer initialized
[   10.386468] Bluetooth: L2CAP socket layer initialized
[   10.386472] Bluetooth: SCO socket layer initialized
[   10.418218] uvcvideo: Found UVC 1.00 device Lenovo EasyCamera (174f:148d)
[   10.423830] input: Lenovo EasyCamera as /devices/pci0000:00/0000:00:12.2/usb3/3-4/3-4:1.0/input/input5
[   10.423868] usbcore: registered new interface driver uvcvideo
[   10.423869] USB Video Class driver (1.1.1)
[   10.793068] ACPI: acpi_idle registered with cpuidle
[   10.794045] [Firmware Bug]: ACPI: No _BQC method, cannot determine initial brightness
[   10.794388] acpi device:01: registered as cooling_device4
[   10.794401] ACPI: Video Device [VGA] (multi-head: yes  rom: no  post: no)
[   10.794433] input: Video Bus as /devices/LNXSYSTM:00/device:00/PNP0A08:00/LNXVIDEO:00/input/input6
[   10.808975] [drm] radeon kernel modesetting enabled.
[   10.859485] usbcore: registered new interface driver btusb
[   10.902716] input: Ideapad extra buttons as /devices/platform/ideapad/input/input7
[   10.946821] acpi-cpufreq: overriding BIOS provided _PSD data
[   11.009618] hda_codec: CX20757: BIOS auto-probing.
[   11.010685] input: HDA Digital PCBeep as /devices/pci0000:00/0000:00:14.2/input/input8
[   11.012860] checking generic (e0000000 420000) vs hw (e0000000 10000000)
[   11.012864] fb: switching to radeondrmfb from EFI VGA
[   11.013454] [drm] initializing kernel modesetting (ARUBA 0x1002:0x990B 0x17AA:0x397C).
[   11.013509] [drm] register mmio base: 0xF0200000
[   11.013511] [drm] register mmio size: 262144
[   11.013541] [drm] ACPI VFCT contains a BIOS for 00:01.0 1002:990b, size 19968
[   11.013550] ATOM BIOS: 113
[   11.013609] radeon 0000:00:01.0: VRAM: 768M 0x0000000000000000 - 0x000000002FFFFFFF (768M used)
[   11.013612] radeon 0000:00:01.0: GTT: 1024M 0x0000000030000000 - 0x000000006FFFFFFF
[   11.013614] [drm] Detected VRAM RAM=768M, BAR=256M
[   11.013618] [drm] RAM width 64bits DDR
[   11.013665] [TTM] Zone  kernel: Available graphics memory: 3646792 kiB
[   11.013667] [TTM] Zone   dma32: Available graphics memory: 2097152 kiB
[   11.013668] [TTM] Initializing pool allocator
[   11.013673] [TTM] Initializing DMA pool allocator
[   11.013690] [drm] radeon: 768M of VRAM memory ready
[   11.013692] [drm] radeon: 1024M of GTT memory ready.
[   11.013704] [drm] Loading ARUBA Microcode
[   11.277486] kvm: disabled by bios
[   11.287402] kvm: disabled by bios
[   11.297291] kvm: disabled by bios
[   11.478999] cfg80211: Calling CRDA to update world regulatory domain
[   11.515920] rts5139: module is from the staging directory, the quality is unknown, you have been warned.
[   11.523356] scsi2 : SCSI emulation for RTS5139 USB card reader
[   11.523523] scsi 2:0:0:0: Direct-Access     Generic- xD/SD/M.S.       1.00 PQ: 0 ANSI: 0 CCS
[   11.638284] loop: module loaded
[   11.647194] sd 2:0:0:0: [sdb] Attached SCSI removable disk
[   11.711276] usbcore: registered new interface driver rts5139
[   11.787702] nf_conntrack version 0.5.0 (16384 buckets, 65536 max)
[   11.795933] ath: phy0: ASPM enabled: 0x43
[   11.795939] ath: EEPROM regdomain: 0x65
[   11.795940] ath: EEPROM indicates we should expect a direct regpair map
[   11.795943] ath: Country alpha2 being used: 00
[   11.795944] ath: Regpair used: 0x65
[   11.897389] ieee80211 phy0: Selected rate control algorithm 'minstrel_ht'
[   11.897593] ieee80211 phy0: Atheros AR9565 Rev:1 mem=0xffffc9000a580000, irq=17
[   11.461264] systemd-udevd[1283]: renamed network interface eth0 to enp1s0
[   11.905937] systemd-udevd[1276]: renamed network interface wlan0 to wlp2s0
[   12.191369] [drm] GART: num cpu pages 262144, num gpu pages 262144
[   12.210584] [drm] PCIE GART of 1024M enabled (table at 0x0000000000276000).
[   12.210719] radeon 0000:00:01.0: WB enabled
[   12.210722] radeon 0000:00:01.0: fence driver on ring 0 use gpu addr 0x0000000030000c00 and cpu addr 0xffff8800aeb39c00
[   12.211475] radeon 0000:00:01.0: fence driver on ring 5 use gpu addr 0x0000000000075a18 and cpu addr 0xffffc9000a6b5a18
[   12.211478] radeon 0000:00:01.0: fence driver on ring 1 use gpu addr 0x0000000030000c04 and cpu addr 0xffff8800aeb39c04
[   12.211481] radeon 0000:00:01.0: fence driver on ring 2 use gpu addr 0x0000000030000c08 and cpu addr 0xffff8800aeb39c08
[   12.211484] radeon 0000:00:01.0: fence driver on ring 3 use gpu addr 0x0000000030000c0c and cpu addr 0xffff8800aeb39c0c
[   12.211486] radeon 0000:00:01.0: fence driver on ring 4 use gpu addr 0x0000000030000c10 and cpu addr 0xffff8800aeb39c10
[   12.211489] [drm] Supports vblank timestamp caching Rev 1 (10.10.2010).
[   12.211490] [drm] Driver supports precise vblank timestamp query.
[   12.211512] radeon 0000:00:01.0: irq 47 for MSI/MSI-X
[   12.211526] radeon 0000:00:01.0: radeon: using MSI.
[   12.211801] [drm] radeon: irq initialized.
[   12.231078] [drm] ring test on 0 succeeded in 2 usecs
[   12.231139] [drm] ring test on 3 succeeded in 2 usecs
[   12.231147] [drm] ring test on 4 succeeded in 1 usecs
[   12.282516] usb 5-3: USB disconnect, device number 2
[   12.283348] usbcore: registered new interface driver ath3k
[   12.287239] [drm] ring test on 5 succeeded in 1 usecs
[   12.307247] [drm] UVD initialized successfully.
[   12.309967] [drm] ib test on ring 0 succeeded in 0 usecs
[   12.310503] [drm] ib test on ring 3 succeeded in 0 usecs
[   12.311081] [drm] ib test on ring 4 succeeded in 1 usecs
[   12.311625] microcode: CPU0: patch_level=0x06001119
[   12.312155] microcode: CPU1: patch_level=0x06001119
[   12.312164] microcode: CPU2: patch_level=0x06001119
[   12.312171] microcode: CPU3: patch_level=0x06001119
[   12.312217] microcode: Microcode Update Driver: v2.00 <tigran@aivazian.fsnet.co.uk>, Peter Oruba
[   12.331984] [drm] ib test on ring 5 succeeded
[   12.357436] [drm] radeon atom DIG backlight initialized
[   12.357439] [drm] Radeon Display Connectors
[   12.357441] [drm] Connector 0:
[   12.357442] [drm]   eDP-1
[   12.357443] [drm]   HPD1
[   12.357445] [drm]   DDC: 0x6530 0x6530 0x6534 0x6534 0x6538 0x6538 0x653c 0x653c
[   12.357446] [drm]   Encoders:
[   12.357447] [drm]     LCD1: INTERNAL_UNIPHY2
[   12.357448] [drm] Connector 1:
[   12.357449] [drm]   VGA-1
[   12.357450] [drm]   HPD2
[   12.357451] [drm]   DDC: 0x6540 0x6540 0x6544 0x6544 0x6548 0x6548 0x654c 0x654c
[   12.357452] [drm]   Encoders:
[   12.357453] [drm]     CRT1: INTERNAL_UNIPHY2
[   12.357454] [drm]     CRT1: NUTMEG
[   12.357455] [drm] Connector 2:
[   12.357456] [drm]   HDMI-A-1
[   12.357457] [drm]   HPD3
[   12.357458] [drm]   DDC: 0x6550 0x6550 0x6554 0x6554 0x6558 0x6558 0x655c 0x655c
[   12.357459] [drm]   Encoders:
[   12.357460] [drm]     DFP1: INTERNAL_UNIPHY
[   12.379649] [drm] Internal thermal controller without fan control
[   12.379723] [drm] radeon: power management initialized
[   12.970861] usb 5-3: new full-speed USB device number 3 using ohci-pci
[   13.498894] [drm] fb mappable at 0xE1488000
[   13.498898] [drm] vram apper at 0xE0000000
[   13.498899] [drm] size 4325376
[   13.498900] [drm] fb depth is 24
[   13.498901] [drm]    pitch is 5632
[   13.499115] fbcon: radeondrmfb (fb0) is primary device
[   13.555095] psmouse serio1: elantech: assuming hardware version 3 (with firmware version 0x450f03)
[   13.596679] psmouse serio1: elantech: Synaptics capabilities query result 0x78, 0x17, 0x0b.
[   13.827857] input: ETPS/2 Elantech Touchpad as /devices/platform/i8042/serio1/input/input9
[   13.860569] mousedev: PS/2 mouse device common for all mice
[   15.628954] Console: switching to colour frame buffer device 170x48
[   15.631296] radeon 0000:00:01.0: fb0: radeondrmfb frame buffer device
[   15.631298] radeon 0000:00:01.0: registered panic notifier
[   15.631595] [drm] Initialized radeon 2.34.0 20080528 for 0000:00:01.0 on minor 0
[   16.102564] alx 0000:01:00.0: irq 48 for MSI/MSI-X
[   16.102716] IPv6: ADDRCONF(NETDEV_UP): enp1s0: link is not ready
[   16.111163] IPv6: ADDRCONF(NETDEV_UP): wlp2s0: link is not ready
[   16.373753] ip_tables: (C) 2000-2006 Netfilter Core Team
[   16.536714] ip6_tables: (C) 2000-2006 Netfilter Core Team
[   18.109406] usb 5-3: New USB device found, idVendor=0cf3, idProduct=3004
[   18.109415] usb 5-3: New USB device strings: Mfr=0, Product=0, SerialNumber=0
[   19.933532] NET: Registered protocol family 17
